Token(type=LEFT_PAREN, lexeme=(, literal=null, line=1)
Token(type=RIGHT_PAREN, lexeme=), literal=null, line=1)
Token(type=LEFT_BRACE, lexeme={, literal=null, line=1)
Token(type=RIGHT_BRACE, lexeme=}, literal=null, line=1)
Token(type=LEFT_BRACKET, lexeme=[, literal=null, line=1)
Token(type=RIGHT_BRACKET, lexeme=], literal=null, line=1)
Token(type=COMMA, lexeme=,, literal=null, line=1)
Token(type=DOT, lexeme=., literal=null, line=1)
Token(type=AT, lexeme=@, literal=null, line=1)
Token(type=PLUS, lexeme=+, literal=null, line=1)
Token(type=MINUS, lexeme=-, literal=null, line=1)
Token(type=STAR, lexeme=*, literal=null, line=1)
Token(type=SLASH, lexeme=/, literal=null, line=1)
Token(type=SEMICOLON, lexeme=;, literal=null, line=1)
Token(type=BANG, lexeme=!, literal=null, line=1)
Token(type=BANG_EQUAL, lexeme=!=, literal=null, line=1)
Token(type=EQUAL, lexeme==, literal=null, line=1)
Token(type=EQUAL_EQUAL, lexeme===, literal=null, line=1)
Token(type=GREATER, lexeme=>, literal=null, line=1)
Token(type=GREATER_EQUAL, lexeme=>=, literal=null, line=1)
Token(type=LESS, lexeme=<, literal=null, line=1)
Token(type=LESS_EQUAL, lexeme=<=, literal=null, line=1)
Token(type=NUMBER, lexeme=123, literal=123, line=2)
Token(type=NUMBER, lexeme=45.67, literal=45.67, line=2)
Token(type=NUMBER, lexeme=89, literal=89, line=2)
Token(type=DOT, lexeme=., literal=null, line=2)
Token(type=IDENTIFIER, lexeme=next, literal=null, line=2)
Token(type=STRING, lexeme="", literal=, line=3)
Token(type=STRING, lexeme="hello", literal=hello, line=3)
Token(type=IDENTIFIER, lexeme=variable, literal=null, line=3)
Token(type=IDENTIFIER, lexeme=iffy, literal=null, line=3)
Token(type=IDENTIFIER, lexeme=_name, literal=null, line=3)
Token(type=IDENTIFIER, lexeme=name_2, literal=null, line=3)
Token(type=AND, lexeme=and, literal=null, line=4)
Token(type=CLASS, lexeme=class, literal=null, line=4)
Token(type=ELSE, lexeme=else, literal=null, line=4)
Token(type=FALSE, lexeme=false, literal=null, line=4)
Token(type=FOR, lexeme=for, literal=null, line=4)
Token(type=FUN, lexeme=fun, literal=null, line=4)
Token(type=IF, lexeme=if, literal=null, line=4)
Token(type=NIL, lexeme=nil, literal=null, line=4)
Token(type=OR, lexeme=or, literal=null, line=4)
Token(type=RETURN, lexeme=return, literal=null, line=4)
Token(type=SUPER, lexeme=super, literal=null, line=4)
Token(type=THIS, lexeme=this, literal=null, line=4)
Token(type=TRUE, lexeme=true, literal=null, line=4)
Token(type=VAR, lexeme=var, literal=null, line=4)
Token(type=PRINT, lexeme=print, literal=null, line=4)
Token(type=WHILE, lexeme=while, literal=null, line=4)
Token(type=WATCH, lexeme=watch, literal=null, line=5)
Token(type=ABILITY, lexeme=ability, literal=null, line=5)
Token(type=TARGET, lexeme=target, literal=null, line=5)
Token(type=SOURCE, lexeme=source, literal=null, line=5)
Token(type=SEQUENCE, lexeme=sequence, literal=null, line=5)
Token(type=REQUIRE, lexeme=require, literal=null, line=5)
Token(type=CAPABILITY, lexeme=capability, literal=null, line=5)
Token(type=COUNT, lexeme=count, literal=null, line=5)
Token(type=BY, lexeme=by, literal=null, line=5)
Token(type=WITHIN, lexeme=within, literal=null, line=5)
Token(type=ALERT, lexeme=alert, literal=null, line=5)
Token(type=INSPECT, lexeme=inspect, literal=null, line=5)
Token(type=ISOLATE, lexeme=isolate, literal=null, line=5)
Token(type=EXECUTE, lexeme=execute, literal=null, line=5)
Token(type=EOF, lexeme=, literal=null, line=6)
