Token(type=VAR, lexeme=var, literal=null, line=1)
Token(type=IDENTIFIER, lexeme=variable, literal=null, line=1)
Token(type=IF, lexeme=if, literal=null, line=1)
Token(type=IDENTIFIER, lexeme=iffy, literal=null, line=1)
Token(type=IDENTIFIER, lexeme=If, literal=null, line=1)
Token(type=IDENTIFIER, lexeme=VAR, literal=null, line=1)
Token(type=IDENTIFIER, lexeme=_name, literal=null, line=1)
Token(type=IDENTIFIER, lexeme=name_2, literal=null, line=1)
Token(type=WATCH, lexeme=watch, literal=null, line=1)
Token(type=IDENTIFIER, lexeme=watcher, literal=null, line=1)
Token(type=IDENTIFIER, lexeme=Watch, literal=null, line=1)
Token(type=EOF, lexeme=, literal=null, line=1)
