Token(type=VAR, lexeme=var, literal=null, line=1)
Token(type=SEMICOLON, lexeme=;, literal=null, line=1)
Token(type=IDENTIFIER, lexeme=greeting, literal=null, line=2)
Token(type=EQUAL, lexeme==, literal=null, line=2)
Token(type=STRING, lexeme="hello", literal=hello, line=2)
Token(type=SEMICOLON, lexeme=;, literal=null, line=2)
Token(type=PRINT, lexeme=print, literal=null, line=3)
Token(type=SEMICOLON, lexeme=;, literal=null, line=3)
Token(type=IDENTIFIER, lexeme=greeting, literal=null, line=4)
Token(type=SEMICOLON, lexeme=;, literal=null, line=4)
Token(type=EOF, lexeme=, literal=null, line=5)